// Jest Snapshot v1, https://goo.gl/fbAQLP

exports[`ListItem component renders correctly 1`] = `
<a
  class="v-list-item--active v-list-item v-list-item--link theme--light"
  href="#/"
  tabindex="0"
>
  <div
    class="v-list-item__content"
  >
    <div
      class="v-list-item__title"
    >
      Firstname Lastname
    </div>
     
    <div
      class="v-list-item__subtitle d-flex flex-row justify-space-between"
    >
      <span
        class="list-item__email"
      >
        <b>
          Email:
        </b>
        <span>
          test@test.com
        </span>
      </span>
       
      <span
        class="flex-grow-1"
      >
        <b>
          Company: 
        </b>
        <span>
          some company
        </span>
      </span>
       
      <span>
        <b>
           Age: 
        </b>
        <span>
          33
        </span>
      </span>
    </div>
  </div>
</a>
`;
