// Jest Snapshot v1, https://goo.gl/fbAQLP

exports[`UserDetails component renders correctly 1`] = `
<div
  class="container"
>
  <div
    class="row"
  >
    <div
      class="col-sm-6 col-md-3 col-12"
      xs="12"
    >
      <h4>
        Name:
      </h4>
       
      <p>
        john doe
      </p>
    </div>
     
    <div
      class="col-sm-6 col-md-3 col-12"
      xs="12"
    >
      <h4>
        Email:
      </h4>
       
      <p>
        
      </p>
    </div>
     
    <div
      class="col-sm-6 col-md-3 col-12"
      xs="12"
    >
      <h4>
        Age:
      </h4>
       
      <p>
        23
      </p>
    </div>
     
    <div
      class="col-sm-6 col-md-3 col-12"
      xs="12"
    >
      <h4>
        Address:
      </h4>
       
      <p>
        address 12/1
      </p>
    </div>
     
    <div
      class="col-sm-6 col-md-3 col-12"
      xs="12"
    >
      <h4>
        Balance:
      </h4>
       
      <p>
        
        $2,000.00
      
      </p>
    </div>
  </div>
</div>
`;
